../Core/Src/main.c:68:7:convert_DDmm_to_DDD	40	static
../Core/Src/main.c:83:6:extract_location_from_nmea_raw_data	64	static
../Core/Src/main.c:119:5:main	16	static
../Core/Src/main.c:181:6:SystemClock_Config	88	static
../Core/Src/main.c:222:13:MX_USART1_UART_Init	8	static
../Core/Src/main.c:270:13:MX_USART2_UART_Init	8	static
../Core/Src/main.c:316:13:MX_DMA_Init	16	static
../Core/Src/main.c:334:13:MX_GPIO_Init	48	static
../Core/Src/main.c:381:6:HAL_GPIO_EXTI_Rising_Callback	16	static,ignoring_inline_asm
../Core/Src/main.c:398:6:Error_Handler	8	static,ignoring_inline_asm
