../Core/Src/main.c:79:7:convert_DDmm_to_DDD	40	static
../Core/Src/main.c:94:6:extract_location_from_nmea_raw_data	64	static
../Core/Src/main.c:118:6:send_and_receive	16	static
../Core/Src/main.c:143:5:main	152	static
../Core/Src/main.c:280:6:SystemClock_Config	88	static
../Core/Src/main.c:321:13:MX_USART1_UART_Init	8	static
../Core/Src/main.c:369:13:MX_USART2_UART_Init	8	static
../Core/Src/main.c:417:13:MX_USART3_UART_Init	8	static
../Core/Src/main.c:451:13:MX_DMA_Init	16	static
../Core/Src/main.c:469:13:MX_GPIO_Init	56	static
../Core/Src/main.c:517:6:HAL_GPIO_EXTI_Rising_Callback	16	static,ignoring_inline_asm
../Core/Src/main.c:537:6:Error_Handler	8	static,ignoring_inline_asm
