../Core/Src/main.c:98:7:convert_DDmm_to_DDD	40	static
../Core/Src/main.c:115:5:mma8452q_write_into_register	56	static
../Core/Src/main.c:138:5:mma8452q_read_from_register	56	static
../Core/Src/main.c:165:5:mma8452q_whoami	48	static
../Core/Src/main.c:177:5:mma8452q_read_sysmod	24	static
../Core/Src/main.c:192:5:mma8452q_write_sysmod	32	static
../Core/Src/main.c:209:6:mma8452q_standby	304	static
../Core/Src/main.c:245:6:mma8452q_active	304	static
../Core/Src/main.c:281:5:mma8452q_configure	32	static
../Core/Src/main.c:299:9:watch_conditions	376	static
../Core/Src/main.c:438:5:main	312	static
../Core/Src/main.c:507:6:SystemClock_Config	88	static
../Core/Src/main.c:548:13:MX_I2C1_Init	8	static
../Core/Src/main.c:596:13:MX_USART1_UART_Init	8	static
../Core/Src/main.c:644:13:MX_USART2_UART_Init	8	static
../Core/Src/main.c:692:13:MX_USART3_UART_Init	8	static
../Core/Src/main.c:726:13:MX_DMA_Init	16	static
../Core/Src/main.c:744:13:MX_GPIO_Init	56	static
../Core/Src/main.c:791:6:HAL_UART_RxCpltCallback	16	static
../Core/Src/main.c:810:6:HAL_GPIO_EXTI_Rising_Callback	16	static,ignoring_inline_asm
../Core/Src/main.c:833:6:HAL_GPIO_EXTI_Falling_Callback	80	static,ignoring_inline_asm
../Core/Src/main.c:866:6:Error_Handler	8	static,ignoring_inline_asm
