../Core/Src/main.c:73:7:convert_DDmm_to_DDD	40	static
../Core/Src/main.c:88:6:extract_location_from_nmea_raw_data	64	static
../Core/Src/main.c:113:5:sim800_AT_OK	64	static
../Core/Src/main.c:146:5:sim800_setup	136	static
../Core/Src/main.c:188:5:sim800_send_sms	136	static
../Core/Src/main.c:212:5:sim800_read_sms	808	static
../Core/Src/main.c:233:5:sim800_delete_all_sms	136	static
../Core/Src/main.c:254:5:sim800_originate_call	104	static
../Core/Src/main.c:286:5:main	16	static
../Core/Src/main.c:371:6:SystemClock_Config	88	static
../Core/Src/main.c:412:13:MX_USART1_UART_Init	8	static
../Core/Src/main.c:460:13:MX_USART2_UART_Init	8	static
../Core/Src/main.c:508:13:MX_USART3_UART_Init	8	static
../Core/Src/main.c:542:13:MX_DMA_Init	16	static
../Core/Src/main.c:560:13:MX_GPIO_Init	56	static
../Core/Src/main.c:601:6:HAL_UART_RxCpltCallback	16	static
../Core/Src/main.c:614:6:HAL_GPIO_EXTI_Rising_Callback	16	static,ignoring_inline_asm
../Core/Src/main.c:634:6:Error_Handler	8	static,ignoring_inline_asm
