../Core/Src/main.c:88:9:watch_conditions	360	static
../Core/Src/main.c:168:5:main	312	static
../Core/Src/main.c:240:6:SystemClock_Config	88	static
../Core/Src/main.c:281:13:MX_I2C1_Init	8	static
../Core/Src/main.c:329:13:MX_USART1_UART_Init	8	static
../Core/Src/main.c:377:13:MX_USART2_UART_Init	8	static
../Core/Src/main.c:425:13:MX_USART3_UART_Init	8	static
../Core/Src/main.c:459:13:MX_DMA_Init	16	static
../Core/Src/main.c:477:13:MX_GPIO_Init	56	static
../Core/Src/main.c:518:6:HAL_UART_RxCpltCallback	16	static
../Core/Src/main.c:537:6:HAL_GPIO_EXTI_Rising_Callback	16	static,ignoring_inline_asm
../Core/Src/main.c:560:6:HAL_GPIO_EXTI_Falling_Callback	80	static,ignoring_inline_asm
../Core/Src/main.c:593:6:Error_Handler	8	static,ignoring_inline_asm
