../Core/Src/main.c:73:7:convert_DDmm_to_DDD	40	static
../Core/Src/main.c:88:6:extract_location_from_nmea_raw_data	64	static
../Core/Src/main.c:113:5:sim800_AT_OK	64	static
../Core/Src/main.c:146:5:sim800_setup	136	static
../Core/Src/main.c:180:5:sim800_send_sms	136	static
../Core/Src/main.c:204:5:sim800_read_sms	808	static
../Core/Src/main.c:225:5:sim800_delete_all_sms	136	static
../Core/Src/main.c:246:5:sim800_originate_call	104	static
../Core/Src/main.c:278:5:main	16	static
../Core/Src/main.c:361:6:SystemClock_Config	88	static
../Core/Src/main.c:402:13:MX_USART1_UART_Init	8	static
../Core/Src/main.c:450:13:MX_USART2_UART_Init	8	static
../Core/Src/main.c:498:13:MX_USART3_UART_Init	8	static
../Core/Src/main.c:532:13:MX_DMA_Init	16	static
../Core/Src/main.c:550:13:MX_GPIO_Init	56	static
../Core/Src/main.c:597:6:HAL_UART_RxCpltCallback	16	static
../Core/Src/main.c:610:6:HAL_GPIO_EXTI_Rising_Callback	16	static,ignoring_inline_asm
../Core/Src/main.c:624:6:HAL_GPIO_EXTI_Falling_Callback	16	static,ignoring_inline_asm
../Core/Src/main.c:651:6:Error_Handler	8	static,ignoring_inline_asm
