../Core/Src/main.c:72:7:convert_DDmm_to_DDD	40	static
../Core/Src/main.c:87:6:extract_location_from_nmea_raw_data	64	static
../Core/Src/main.c:111:5:send_sms	144	static
../Core/Src/main.c:160:5:main	48	static
../Core/Src/main.c:233:6:SystemClock_Config	88	static
../Core/Src/main.c:274:13:MX_USART1_UART_Init	8	static
../Core/Src/main.c:322:13:MX_USART2_UART_Init	8	static
../Core/Src/main.c:370:13:MX_USART3_UART_Init	8	static
../Core/Src/main.c:404:13:MX_DMA_Init	16	static
../Core/Src/main.c:422:13:MX_GPIO_Init	56	static
../Core/Src/main.c:470:6:HAL_GPIO_EXTI_Rising_Callback	16	static,ignoring_inline_asm
../Core/Src/main.c:490:6:Error_Handler	8	static,ignoring_inline_asm
