../Core/Src/main.c:79:7:convert_DDmm_to_DDD	40	static
../Core/Src/main.c:94:6:m8n_read_location	104	static
../Core/Src/main.c:177:5:sim800_AT_OK	80	static
../Core/Src/main.c:213:5:sim800_setup	136	static
../Core/Src/main.c:247:5:sim800_send_sms	136	static
../Core/Src/main.c:275:5:sim800_read_sms	808	static
../Core/Src/main.c:312:5:sim800_delete_all_sms	136	static
../Core/Src/main.c:335:5:sim800_originate_call	104	static
../Core/Src/main.c:357:9:send_location	16	static
../Core/Src/main.c:395:5:main	16	static
../Core/Src/main.c:460:6:SystemClock_Config	88	static
../Core/Src/main.c:501:13:MX_USART1_UART_Init	8	static
../Core/Src/main.c:549:13:MX_USART2_UART_Init	8	static
../Core/Src/main.c:597:13:MX_USART3_UART_Init	8	static
../Core/Src/main.c:631:13:MX_DMA_Init	16	static
../Core/Src/main.c:649:13:MX_GPIO_Init	56	static
../Core/Src/main.c:696:6:HAL_UART_RxCpltCallback	16	static
../Core/Src/main.c:709:6:HAL_GPIO_EXTI_Rising_Callback	16	static,ignoring_inline_asm
../Core/Src/main.c:732:6:HAL_GPIO_EXTI_Falling_Callback	16	static,ignoring_inline_asm
../Core/Src/main.c:756:6:Error_Handler	8	static,ignoring_inline_asm
