../Core/Src/main.c:75:7:convert_DDmm_to_DDD	40	static
../Core/Src/main.c:90:6:m8n_read_location	104	static
../Core/Src/main.c:168:5:sim800_AT_OK	64	static
../Core/Src/main.c:200:5:sim800_setup	136	static
../Core/Src/main.c:234:5:sim800_send_sms	136	static
../Core/Src/main.c:258:5:sim800_read_sms	808	static
../Core/Src/main.c:279:5:sim800_delete_all_sms	136	static
../Core/Src/main.c:300:5:sim800_originate_call	104	static
../Core/Src/main.c:332:5:main	16	static
../Core/Src/main.c:418:6:SystemClock_Config	88	static
../Core/Src/main.c:459:13:MX_USART1_UART_Init	8	static
../Core/Src/main.c:507:13:MX_USART2_UART_Init	8	static
../Core/Src/main.c:555:13:MX_USART3_UART_Init	8	static
../Core/Src/main.c:589:13:MX_DMA_Init	16	static
../Core/Src/main.c:607:13:MX_GPIO_Init	56	static
../Core/Src/main.c:654:6:HAL_UART_RxCpltCallback	16	static
../Core/Src/main.c:667:6:HAL_GPIO_EXTI_Rising_Callback	16	static,ignoring_inline_asm
../Core/Src/main.c:690:6:HAL_GPIO_EXTI_Falling_Callback	16	static,ignoring_inline_asm
../Core/Src/main.c:714:6:Error_Handler	8	static,ignoring_inline_asm
