../Core/Src/main.c:80:7:convert_DDmm_to_DDD	40	static
../Core/Src/main.c:95:6:m8n_read_location	104	static
../Core/Src/main.c:178:5:sim800_AT_OK	80	static
../Core/Src/main.c:214:5:sim800_setup	136	static
../Core/Src/main.c:248:5:sim800_send_sms	136	static
../Core/Src/main.c:276:5:sim800_read_sms	808	static
../Core/Src/main.c:313:5:sim800_delete_all_sms	136	static
../Core/Src/main.c:340:5:sim800_originate_call	104	static
../Core/Src/main.c:362:9:watch_conditions	64	static
../Core/Src/main.c:421:5:main	16	static
../Core/Src/main.c:489:6:SystemClock_Config	88	static
../Core/Src/main.c:530:13:MX_USART1_UART_Init	8	static
../Core/Src/main.c:578:13:MX_USART2_UART_Init	8	static
../Core/Src/main.c:626:13:MX_USART3_UART_Init	8	static
../Core/Src/main.c:660:13:MX_DMA_Init	16	static
../Core/Src/main.c:678:13:MX_GPIO_Init	56	static
../Core/Src/main.c:725:6:HAL_UART_RxCpltCallback	16	static
../Core/Src/main.c:744:6:HAL_GPIO_EXTI_Rising_Callback	16	static,ignoring_inline_asm
../Core/Src/main.c:767:6:HAL_GPIO_EXTI_Falling_Callback	80	static,ignoring_inline_asm
../Core/Src/main.c:800:6:Error_Handler	8	static,ignoring_inline_asm
