../Core/Src/main.c:75:7:convert_DDmm_to_DDD	40	static
../Core/Src/main.c:90:6:m8n_read_location	104	static
../Core/Src/main.c:168:5:sim800_AT_OK	64	static
../Core/Src/main.c:201:5:sim800_setup	136	static
../Core/Src/main.c:235:5:sim800_send_sms	136	static
../Core/Src/main.c:259:5:sim800_read_sms	808	static
../Core/Src/main.c:280:5:sim800_delete_all_sms	136	static
../Core/Src/main.c:301:5:sim800_originate_call	104	static
../Core/Src/main.c:333:5:main	16	static
../Core/Src/main.c:419:6:SystemClock_Config	88	static
../Core/Src/main.c:460:13:MX_USART1_UART_Init	8	static
../Core/Src/main.c:508:13:MX_USART2_UART_Init	8	static
../Core/Src/main.c:556:13:MX_USART3_UART_Init	8	static
../Core/Src/main.c:590:13:MX_DMA_Init	16	static
../Core/Src/main.c:608:13:MX_GPIO_Init	56	static
../Core/Src/main.c:655:6:HAL_UART_RxCpltCallback	16	static
../Core/Src/main.c:668:6:HAL_GPIO_EXTI_Rising_Callback	16	static,ignoring_inline_asm
../Core/Src/main.c:691:6:HAL_GPIO_EXTI_Falling_Callback	16	static,ignoring_inline_asm
../Core/Src/main.c:719:6:Error_Handler	8	static,ignoring_inline_asm
